{"MarketingSlogan":"So portable, you can smell it!"}